server {
        listen       80;

        location /hls/ {
            proxy_pass http://api:8888/api/v1/restream/callback/hls_proxy/;
            proxy_intercept_errors on;
            error_page 301 302 307 = @handle_redirects;
         }

        location @handle_redirects {
           set $orig_loc $upstream_http_location;
           proxy_pass $orig_loc;
         }
}
